// Jest Snapshot v1, https://goo.gl/fbAQLP

exports[`Villager component renders Villager 1`] = `
<DocumentFragment>
  <figure
    data-testid="villager"
  >
    <img
      alt="Agnes"
      src="https://vignette.wikia.nocookie.net/animalcrossing/images/4/42/Agnes_NH.png/revision/latest?cb=20200804230432"
    />
    <figcaption>
      Agnes
    </figcaption>
  </figure>
</DocumentFragment>
`;
